Archive member included to satisfy reference by file (symbol)

/opt/st/stm32cubeide_1.8.0/plugins/com.st.stm32cube.ide.mcu.externaltools.gnu-tools-for-stm32.9-2020-q2-update.linux64_2.0.0.202105311346/tools/bin/../lib/gcc/arm-none-eabi/9.3.1/../../../../arm-none-eabi/lib/thumb/v7-m/nofp/libc_nano.a(lib_a-errno.o)
                              ./Core/Src/syscalls.o (__errno)
/opt/st/stm32cubeide_1.8.0/plugins/com.st.stm32cube.ide.mcu.externaltools.gnu-tools-for-stm32.9-2020-q2-update.linux64_2.0.0.202105311346/tools/bin/../lib/gcc/arm-none-eabi/9.3.1/../../../../arm-none-eabi/lib/thumb/v7-m/nofp/libc_nano.a(lib_a-exit.o)
                              /opt/st/stm32cubeide_1.8.0/plugins/com.st.stm32cube.ide.mcu.externaltools.gnu-tools-for-stm32.9-2020-q2-update.linux64_2.0.0.202105311346/tools/bin/../lib/gcc/arm-none-eabi/9.3.1/../../../../arm-none-eabi/lib/thumb/v7-m/nofp/crt0.o (exit)
/opt/st/stm32cubeide_1.8.0/plugins/com.st.stm32cube.ide.mcu.externaltools.gnu-tools-for-stm32.9-2020-q2-update.linux64_2.0.0.202105311346/tools/bin/../lib/gcc/arm-none-eabi/9.3.1/../../../../arm-none-eabi/lib/thumb/v7-m/nofp/libc_nano.a(lib_a-impure.o)
                              /opt/st/stm32cubeide_1.8.0/plugins/com.st.stm32cube.ide.mcu.externaltools.gnu-tools-for-stm32.9-2020-q2-update.linux64_2.0.0.202105311346/tools/bin/../lib/gcc/arm-none-eabi/9.3.1/../../../../arm-none-eabi/lib/thumb/v7-m/nofp/libc_nano.a(lib_a-exit.o) (_global_impure_ptr)
/opt/st/stm32cubeide_1.8.0/plugins/com.st.stm32cube.ide.mcu.externaltools.gnu-tools-for-stm32.9-2020-q2-update.linux64_2.0.0.202105311346/tools/bin/../lib/gcc/arm-none-eabi/9.3.1/../../../../arm-none-eabi/lib/thumb/v7-m/nofp/libc_nano.a(lib_a-init.o)
                              /opt/st/stm32cubeide_1.8.0/plugins/com.st.stm32cube.ide.mcu.externaltools.gnu-tools-for-stm32.9-2020-q2-update.linux64_2.0.0.202105311346/tools/bin/../lib/gcc/arm-none-eabi/9.3.1/../../../../arm-none-eabi/lib/thumb/v7-m/nofp/crt0.o (__libc_init_array)
/opt/st/stm32cubeide_1.8.0/plugins/com.st.stm32cube.ide.mcu.externaltools.gnu-tools-for-stm32.9-2020-q2-update.linux64_2.0.0.202105311346/tools/bin/../lib/gcc/arm-none-eabi/9.3.1/../../../../arm-none-eabi/lib/thumb/v7-m/nofp/libc_nano.a(lib_a-memcpy-stub.o)
                              ./thirdParty/FreeRTOS/queue.o (memcpy)
/opt/st/stm32cubeide_1.8.0/plugins/com.st.stm32cube.ide.mcu.externaltools.gnu-tools-for-stm32.9-2020-q2-update.linux64_2.0.0.202105311346/tools/bin/../lib/gcc/arm-none-eabi/9.3.1/../../../../arm-none-eabi/lib/thumb/v7-m/nofp/libc_nano.a(lib_a-memset.o)
                              /opt/st/stm32cubeide_1.8.0/plugins/com.st.stm32cube.ide.mcu.externaltools.gnu-tools-for-stm32.9-2020-q2-update.linux64_2.0.0.202105311346/tools/bin/../lib/gcc/arm-none-eabi/9.3.1/../../../../arm-none-eabi/lib/thumb/v7-m/nofp/crt0.o (memset)

Allocating common symbols
Common symbol       size              file

htim4               0x48              ./Core/Src/stm32f1xx_hal_timebase_tim.o
uwTick              0x4               ./Drivers/STM32F1xx_HAL_Driver/Src/stm32f1xx_hal.o
pFlash              0x20              ./Drivers/STM32F1xx_HAL_Driver/Src/stm32f1xx_hal_flash.o

Discarded input sections

 .text          0x0000000000000000        0x0 /opt/st/stm32cubeide_1.8.0/plugins/com.st.stm32cube.ide.mcu.externaltools.gnu-tools-for-stm32.9-2020-q2-update.linux64_2.0.0.202105311346/tools/bin/../lib/gcc/arm-none-eabi/9.3.1/thumb/v7-m/nofp/crti.o
 .data          0x0000000000000000        0x0 /opt/st/stm32cubeide_1.8.0/plugins/com.st.stm32cube.ide.mcu.externaltools.gnu-tools-for-stm32.9-2020-q2-update.linux64_2.0.0.202105311346/tools/bin/../lib/gcc/arm-none-eabi/9.3.1/thumb/v7-m/nofp/crti.o
 .bss           0x0000000000000000        0x0 /opt/st/stm32cubeide_1.8.0/plugins/com.st.stm32cube.ide.mcu.externaltools.gnu-tools-for-stm32.9-2020-q2-update.linux64_2.0.0.202105311346/tools/bin/../lib/gcc/arm-none-eabi/9.3.1/thumb/v7-m/nofp/crti.o
 .data          0x0000000000000000        0x4 /opt/st/stm32cubeide_1.8.0/plugins/com.st.stm32cube.ide.mcu.externaltools.gnu-tools-for-stm32.9-2020-q2-update.linux64_2.0.0.202105311346/tools/bin/../lib/gcc/arm-none-eabi/9.3.1/thumb/v7-m/nofp/crtbegin.o
 .text          0x0000000000000000       0x7c /opt/st/stm32cubeide_1.8.0/plugins/com.st.stm32cube.ide.mcu.externaltools.gnu-tools-for-stm32.9-2020-q2-update.linux64_2.0.0.202105311346/tools/bin/../lib/gcc/arm-none-eabi/9.3.1/../../../../arm-none-eabi/lib/thumb/v7-m/nofp/crt0.o
 .data          0x0000000000000000        0x0 /opt/st/stm32cubeide_1.8.0/plugins/com.st.stm32cube.ide.mcu.externaltools.gnu-tools-for-stm32.9-2020-q2-update.linux64_2.0.0.202105311346/tools/bin/../lib/gcc/arm-none-eabi/9.3.1/../../../../arm-none-eabi/lib/thumb/v7-m/nofp/crt0.o
[...]
Memory Configuration

Name             Origin             Length             Attributes
RAM              0x0000000020000000 0x0000000000005000 xrw
FLASH            0x0000000008000000 0x0000000000010000 xr
*default*        0x0000000000000000 0xffffffffffffffff

Linker script and memory map

LOAD /opt/st/stm32cubeide_1.8.0/plugins/com.st.stm32cube.ide.mcu.externaltools.gnu-tools-for-stm32.9-2020-q2-update.linux64_2.0.0.202105311346/tools/bin/../lib/gcc/arm-none-eabi/9.3.1/thumb/v7-m/nofp/crti.o
LOAD /opt/st/stm32cubeide_1.8.0/plugins/com.st.stm32cube.ide.mcu.externaltools.gnu-tools-for-stm32.9-2020-q2-update.linux64_2.0.0.202105311346/tools/bin/../lib/gcc/arm-none-eabi/9.3.1/thumb/v7-m/nofp/crtbegin.o
LOAD /opt/st/stm32cubeide_1.8.0/plugins/com.st.stm32cube.ide.mcu.externaltools.gnu-tools-for-stm32.9-2020-q2-update.linux64_2.0.0.202105311346/tools/bin/../lib/gcc/arm-none-eabi/9.3.1/../../../../arm-none-eabi/lib/thumb/v7-m/nofp/crt0.o
LOAD ./Core/Src/main.o
LOAD ./Core/Src/stm32f1xx_hal_msp.o
LOAD ./Core/Src/stm32f1xx_hal_timebase_tim.o
LOAD ./Core/Src/stm32f1xx_it.o
LOAD ./Core/Src/syscalls.o
LOAD ./Core/Src/system_stm32f1xx.o
LOAD ./Core/Startup/startup_stm32f103c8tx.o
LOAD ./Drivers/STM32F1xx_HAL_Driver/Src/stm32f1xx_hal.o
LOAD ./Drivers/STM32F1xx_HAL_Driver/Src/stm32f1xx_hal_cortex.o
LOAD ./Drivers/STM32F1xx_HAL_Driver/Src/stm32f1xx_hal_dma.o
LOAD ./Drivers/STM32F1xx_HAL_Driver/Src/stm32f1xx_hal_exti.o
LOAD ./Drivers/STM32F1xx_HAL_Driver/Src/stm32f1xx_hal_flash.o
LOAD ./Drivers/STM32F1xx_HAL_Driver/Src/stm32f1xx_hal_flash_ex.o
LOAD ./Drivers/STM32F1xx_HAL_Driver/Src/stm32f1xx_hal_gpio.o
LOAD ./Drivers/STM32F1xx_HAL_Driver/Src/stm32f1xx_hal_gpio_ex.o
LOAD ./Drivers/STM32F1xx_HAL_Driver/Src/stm32f1xx_hal_pwr.o
LOAD ./Drivers/STM32F1xx_HAL_Driver/Src/stm32f1xx_hal_rcc.o
LOAD ./Drivers/STM32F1xx_HAL_Driver/Src/stm32f1xx_hal_rcc_ex.o
LOAD ./Drivers/STM32F1xx_HAL_Driver/Src/stm32f1xx_hal_tim.o
LOAD ./Drivers/STM32F1xx_HAL_Driver/Src/stm32f1xx_hal_tim_ex.o
LOAD ./thirdParty/FreeRTOS/croutine.o
LOAD ./thirdParty/FreeRTOS/event_groups.o
LOAD ./thirdParty/FreeRTOS/list.o
LOAD ./thirdParty/FreeRTOS/queue.o
LOAD ./thirdParty/FreeRTOS/stream_buffer.o
LOAD ./thirdParty/FreeRTOS/tasks.o
LOAD ./thirdParty/FreeRTOS/timers.o
LOAD ./thirdParty/FreeRTOS/portable/GCC/ARM_CM3/port.o
LOAD ./thirdParty/FreeRTOS/portable/MemMang/heap_4.o
START GROUP
LOAD /opt/st/stm32cubeide_1.8.0/plugins/com.st.stm32cube.ide.mcu.externaltools.gnu-tools-for-stm32.9-2020-q2-update.linux64_2.0.0.202105311346/tools/bin/../lib/gcc/arm-none-eabi/9.3.1/../../../../arm-none-eabi/lib/thumb/v7-m/nofp/libc_nano.a
LOAD /opt/st/stm32cubeide_1.8.0/plugins/com.st.stm32cube.ide.mcu.externaltools.gnu-tools-for-stm32.9-2020-q2-update.linux64_2.0.0.202105311346/tools/bin/../lib/gcc/arm-none-eabi/9.3.1/../../../../arm-none-eabi/lib/thumb/v7-m/nofp/libm.a
END GROUP
START GROUP
LOAD /opt/st/stm32cubeide_1.8.0/plugins/com.st.stm32cube.ide.mcu.externaltools.gnu-tools-for-stm32.9-2020-q2-update.linux64_2.0.0.202105311346/tools/bin/../lib/gcc/arm-none-eabi/9.3.1/thumb/v7-m/nofp/libgcc.a
LOAD /opt/st/stm32cubeide_1.8.0/plugins/com.st.stm32cube.ide.mcu.externaltools.gnu-tools-for-stm32.9-2020-q2-update.linux64_2.0.0.202105311346/tools/bin/../lib/gcc/arm-none-eabi/9.3.1/../../../../arm-none-eabi/lib/thumb/v7-m/nofp/libc_nano.a
END GROUP
START GROUP
LOAD /opt/st/stm32cubeide_1.8.0/plugins/com.st.stm32cube.ide.mcu.externaltools.gnu-tools-for-stm32.9-2020-q2-update.linux64_2.0.0.202105311346/tools/bin/../lib/gcc/arm-none-eabi/9.3.1/thumb/v7-m/nofp/libgcc.a
LOAD /opt/st/stm32cubeide_1.8.0/plugins/com.st.stm32cube.ide.mcu.externaltools.gnu-tools-for-stm32.9-2020-q2-update.linux64_2.0.0.202105311346/tools/bin/../lib/gcc/arm-none-eabi/9.3.1/../../../../arm-none-eabi/lib/thumb/v7-m/nofp/libc_nano.a
LOAD /opt/st/stm32cubeide_1.8.0/plugins/com.st.stm32cube.ide.mcu.externaltools.gnu-tools-for-stm32.9-2020-q2-update.linux64_2.0.0.202105311346/tools/bin/../lib/gcc/arm-none-eabi/9.3.1/../../../../arm-none-eabi/lib/thumb/v7-m/nofp/libnosys.a
END GROUP
START GROUP
LOAD /opt/st/stm32cubeide_1.8.0/plugins/com.st.stm32cube.ide.mcu.externaltools.gnu-tools-for-stm32.9-2020-q2-update.linux64_2.0.0.202105311346/tools/bin/../lib/gcc/arm-none-eabi/9.3.1/thumb/v7-m/nofp/libgcc.a
LOAD /opt/st/stm32cubeide_1.8.0/plugins/com.st.stm32cube.ide.mcu.externaltools.gnu-tools-for-stm32.9-2020-q2-update.linux64_2.0.0.202105311346/tools/bin/../lib/gcc/arm-none-eabi/9.3.1/../../../../arm-none-eabi/lib/thumb/v7-m/nofp/libc_nano.a
LOAD /opt/st/stm32cubeide_1.8.0/plugins/com.st.stm32cube.ide.mcu.externaltools.gnu-tools-for-stm32.9-2020-q2-update.linux64_2.0.0.202105311346/tools/bin/../lib/gcc/arm-none-eabi/9.3.1/../../../../arm-none-eabi/lib/thumb/v7-m/nofp/libnosys.a
END GROUP
LOAD /opt/st/stm32cubeide_1.8.0/plugins/com.st.stm32cube.ide.mcu.externaltools.gnu-tools-for-stm32.9-2020-q2-update.linux64_2.0.0.202105311346/tools/bin/../lib/gcc/arm-none-eabi/9.3.1/thumb/v7-m/nofp/crtend.o
LOAD /opt/st/stm32cubeide_1.8.0/plugins/com.st.stm32cube.ide.mcu.externaltools.gnu-tools-for-stm32.9-2020-q2-update.linux64_2.0.0.202105311346/tools/bin/../lib/gcc/arm-none-eabi/9.3.1/thumb/v7-m/nofp/crtn.o
                0x0000000020005000                _estack = (ORIGIN (RAM) + LENGTH (RAM))
                0x0000000000000200                _Min_Heap_Size = 0x200
                0x0000000000000400                _Min_Stack_Size = 0x400

.isr_vector     0x0000000008000000      0x10c
                0x0000000008000000                . = ALIGN (0x4)
 *(.isr_vector)
 .isr_vector    0x0000000008000000      0x10c ./Core/Startup/startup_stm32f103c8tx.o
                0x0000000008000000                g_pfnVectors
                0x000000000800010c                . = ALIGN (0x4)

.text           0x000000000800010c     0x164c
                0x000000000800010c                . = ALIGN (0x4)
 *(.text)
 .text          0x000000000800010c       0x40 /opt/st/stm32cubeide_1.8.0/plugins/com.st.stm32cube.ide.mcu.externaltools.gnu-tools-for-stm32.9-2020-q2-update.linux64_2.0.0.202105311346/tools/bin/../lib/gcc/arm-none-eabi/9.3.1/thumb/v7-m/nofp/crtbegin.o
 *(.text*)
 .text.main     0x000000000800014c       0x40 ./Core/Src/main.o
                0x000000000800014c                main
 .text.SystemClock_Config
                0x000000000800018c       0x76 ./Core/Src/main.o
                0x000000000800018c                SystemClock_Config
 *fill*         0x0000000008000202        0x2 
 .text.MX_GPIO_Init
                0x0000000008000204       0x68 ./Core/Src/main.o
 .text.HAL_TIM_PeriodElapsedCallback
                0x000000000800026c       0x24 ./Core/Src/main.o
                0x000000000800026c                HAL_TIM_PeriodElapsedCallback
 .text.Error_Handler
                0x0000000008000290        0xa ./Core/Src/main.o
                0x0000000008000290                Error_Handler
 *fill*         0x000000000800029a        0x2 
 .text.HAL_MspInit
                0x000000000800029c       0x64 ./Core/Src/stm32f1xx_hal_msp.o
                0x000000000800029c                HAL_MspInit
 .text.HAL_InitTick
                0x0000000008000300       0xac ./Core/Src/stm32f1xx_hal_timebase_tim.o
                0x0000000008000300                HAL_InitTick
 .text.NMI_Handler
                0x00000000080003ac        0x6 ./Core/Src/stm32f1xx_it.o
                0x00000000080003ac                NMI_Handler
 .text.HardFault_Handler
                0x00000000080003b2        0x6 ./Core/Src/stm32f1xx_it.o
                0x00000000080003b2                HardFault_Handler
 .text.MemManage_Handler
                0x00000000080003b8        0x6 ./Core/Src/stm32f1xx_it.o
                0x00000000080003b8                MemManage_Handler
 .text.BusFault_Handler
                0x00000000080003be        0x6 ./Core/Src/stm32f1xx_it.o
                0x00000000080003be                BusFault_Handler
 .text.UsageFault_Handler
                0x00000000080003c4        0x6 ./Core/Src/stm32f1xx_it.o
                0x00000000080003c4                UsageFault_Handler
 .text.DebugMon_Handler
                0x00000000080003ca        0xc ./Core/Src/stm32f1xx_it.o
                0x00000000080003ca                DebugMon_Handler
 *fill*         0x00000000080003d6        0x2 
 .text.TIM4_IRQHandler
                0x00000000080003d8       0x14 ./Core/Src/stm32f1xx_it.o
                0x00000000080003d8                TIM4_IRQHandler
 .text.SystemInit
                0x00000000080003ec        0xc ./Core/Src/system_stm32f1xx.o
                0x00000000080003ec                SystemInit
 .text.Reset_Handler
                0x00000000080003f8       0x48 ./Core/Startup/startup_stm32f103c8tx.o
                0x00000000080003f8                Reset_Handler
 .text.Default_Handler
                0x0000000008000440        0x2 ./Core/Startup/startup_stm32f103c8tx.o
                0x0000000008000440                RTC_Alarm_IRQHandler
                0x0000000008000440                EXTI2_IRQHandler
                0x0000000008000440                TIM1_CC_IRQHandler
                0x0000000008000440                SysTick_Handler
                0x0000000008000440                PVD_IRQHandler
                0x0000000008000440                PendSV_Handler
                0x0000000008000440                EXTI3_IRQHandler
                0x0000000008000440                EXTI0_IRQHandler
                0x0000000008000440                I2C2_EV_IRQHandler
                0x0000000008000440                ADC1_2_IRQHandler
                0x0000000008000440                SPI1_IRQHandler
                0x0000000008000440                TAMPER_IRQHandler
                0x0000000008000440                DMA1_Channel4_IRQHandler
                0x0000000008000440                USART3_IRQHandler
                0x0000000008000440                RTC_IRQHandler
                0x0000000008000440                DMA1_Channel7_IRQHandler
                0x0000000008000440                CAN1_RX1_IRQHandler
                0x0000000008000440                I2C1_EV_IRQHandler
                0x0000000008000440                DMA1_Channel6_IRQHandler
                0x0000000008000440                TIM3_IRQHandler
                0x0000000008000440                RCC_IRQHandler
                0x0000000008000440                TIM1_TRG_COM_IRQHandler
                0x0000000008000440                DMA1_Channel1_IRQHandler
                0x0000000008000440                Default_Handler
                0x0000000008000440                EXTI15_10_IRQHandler
                0x0000000008000440                EXTI9_5_IRQHandler
                0x0000000008000440                SPI2_IRQHandler
                0x0000000008000440                SVC_Handler
                0x0000000008000440                DMA1_Channel5_IRQHandler
                0x0000000008000440                EXTI4_IRQHandler
                0x0000000008000440                USB_LP_CAN1_RX0_IRQHandler
                0x0000000008000440                USB_HP_CAN1_TX_IRQHandler
                0x0000000008000440                DMA1_Channel3_IRQHandler
                0x0000000008000440                TIM1_UP_IRQHandler
                0x0000000008000440                WWDG_IRQHandler
                0x0000000008000440                TIM2_IRQHandler
                0x0000000008000440                TIM1_BRK_IRQHandler
                0x0000000008000440                EXTI1_IRQHandler
                0x0000000008000440                USART2_IRQHandler
                0x0000000008000440                I2C2_ER_IRQHandler
                0x0000000008000440                DMA1_Channel2_IRQHandler
                0x0000000008000440                CAN1_SCE_IRQHandler
                0x0000000008000440                FLASH_IRQHandler
                0x0000000008000440                USART1_IRQHandler
                0x0000000008000440                I2C1_ER_IRQHandler
                0x0000000008000440                USBWakeUp_IRQHandler
 *fill*         0x0000000008000442        0x2 
 .text.HAL_Init
                0x0000000008000444       0x2c ./Drivers/STM32F1xx_HAL_Driver/Src/stm32f1xx_hal.o
                0x0000000008000444                HAL_Init
 .text.HAL_IncTick
                0x0000000008000470       0x24 ./Drivers/STM32F1xx_HAL_Driver/Src/stm32f1xx_hal.o
                0x0000000008000470                HAL_IncTick
 .text.HAL_GetTick
                0x0000000008000494       0x14 ./Drivers/STM32F1xx_HAL_Driver/Src/stm32f1xx_hal.o
                0x0000000008000494                HAL_GetTick
 .text.HAL_Delay
                0x00000000080004a8       0x48 ./Drivers/STM32F1xx_HAL_Driver/Src/stm32f1xx_hal.o
                0x00000000080004a8                HAL_Delay
 .text.__NVIC_SetPriorityGrouping
                0x00000000080004f0       0x48 ./Drivers/STM32F1xx_HAL_Driver/Src/stm32f1xx_hal_cortex.o
 .text.__NVIC_GetPriorityGrouping
                0x0000000008000538       0x1c ./Drivers/STM32F1xx_HAL_Driver/Src/stm32f1xx_hal_cortex.o
 .text.__NVIC_EnableIRQ
                0x0000000008000554       0x38 ./Drivers/STM32F1xx_HAL_Driver/Src/stm32f1xx_hal_cortex.o
 .text.__NVIC_SetPriority
                0x000000000800058c       0x54 ./Drivers/STM32F1xx_HAL_Driver/Src/stm32f1xx_hal_cortex.o
 .text.NVIC_EncodePriority
                0x00000000080005e0       0x64 ./Drivers/STM32F1xx_HAL_Driver/Src/stm32f1xx_hal_cortex.o
 .text.HAL_NVIC_SetPriorityGrouping
                0x0000000008000644       0x16 ./Drivers/STM32F1xx_HAL_Driver/Src/stm32f1xx_hal_cortex.o
                0x0000000008000644                HAL_NVIC_SetPriorityGrouping
 .text.HAL_NVIC_SetPriority
                0x000000000800065a       0x38 ./Drivers/STM32F1xx_HAL_Driver/Src/stm32f1xx_hal_cortex.o
                0x000000000800065a                HAL_NVIC_SetPriority
 .text.HAL_NVIC_EnableIRQ
                0x0000000008000692       0x1c ./Drivers/STM32F1xx_HAL_Driver/Src/stm32f1xx_hal_cortex.o
                0x0000000008000692                HAL_NVIC_EnableIRQ
 *fill*         0x00000000080006ae        0x2 
 .text.HAL_GPIO_Init
                0x00000000080006b0      0x308 ./Drivers/STM32F1xx_HAL_Driver/Src/stm32f1xx_hal_gpio.o
                0x00000000080006b0                HAL_GPIO_Init
 .text.HAL_GPIO_WritePin
                0x00000000080009b8       0x30 ./Drivers/STM32F1xx_HAL_Driver/Src/stm32f1xx_hal_gpio.o
                0x00000000080009b8                HAL_GPIO_WritePin
 .text.HAL_RCC_OscConfig
                0x00000000080009e8      0x500 ./Drivers/STM32F1xx_HAL_Driver/Src/stm32f1xx_hal_rcc.o
                0x00000000080009e8                HAL_RCC_OscConfig
 .text.HAL_RCC_ClockConfig
                0x0000000008000ee8      0x1d4 ./Drivers/STM32F1xx_HAL_Driver/Src/stm32f1xx_hal_rcc.o
                0x0000000008000ee8                HAL_RCC_ClockConfig
 .text.HAL_RCC_GetSysClockFreq
                0x00000000080010bc       0xc0 ./Drivers/STM32F1xx_HAL_Driver/Src/stm32f1xx_hal_rcc.o
                0x00000000080010bc                HAL_RCC_GetSysClockFreq
 .text.HAL_RCC_GetHCLKFreq
                0x000000000800117c       0x14 ./Drivers/STM32F1xx_HAL_Driver/Src/stm32f1xx_hal_rcc.o
                0x000000000800117c                HAL_RCC_GetHCLKFreq
 .text.HAL_RCC_GetPCLK1Freq
                0x0000000008001190       0x28 ./Drivers/STM32F1xx_HAL_Driver/Src/stm32f1xx_hal_rcc.o
                0x0000000008001190                HAL_RCC_GetPCLK1Freq
 .text.HAL_RCC_GetClockConfig
                0x00000000080011b8       0x60 ./Drivers/STM32F1xx_HAL_Driver/Src/stm32f1xx_hal_rcc.o
                0x00000000080011b8                HAL_RCC_GetClockConfig
 .text.RCC_Delay
                0x0000000008001218       0x3c ./Drivers/STM32F1xx_HAL_Driver/Src/stm32f1xx_hal_rcc.o
 .text.HAL_TIM_Base_Init
                0x0000000008001254       0x9e ./Drivers/STM32F1xx_HAL_Driver/Src/stm32f1xx_hal_tim.o
                0x0000000008001254                HAL_TIM_Base_Init
 .text.HAL_TIM_Base_MspInit
                0x00000000080012f2       0x12 ./Drivers/STM32F1xx_HAL_Driver/Src/stm32f1xx_hal_tim.o
                0x00000000080012f2                HAL_TIM_Base_MspInit
 .text.HAL_TIM_Base_Start_IT
                0x0000000008001304       0xa4 ./Drivers/STM32F1xx_HAL_Driver/Src/stm32f1xx_hal_tim.o
                0x0000000008001304                HAL_TIM_Base_Start_IT
 .text.HAL_TIM_IRQHandler
                0x00000000080013a8      0x210 ./Drivers/STM32F1xx_HAL_Driver/Src/stm32f1xx_hal_tim.o
                0x00000000080013a8                HAL_TIM_IRQHandler
 .text.HAL_TIM_OC_DelayElapsedCallback
                0x00000000080015b8       0x12 ./Drivers/STM32F1xx_HAL_Driver/Src/stm32f1xx_hal_tim.o
                0x00000000080015b8                HAL_TIM_OC_DelayElapsedCallback
 .text.HAL_TIM_IC_CaptureCallback
                0x00000000080015ca       0x12 ./Drivers/STM32F1xx_HAL_Driver/Src/stm32f1xx_hal_tim.o
                0x00000000080015ca                HAL_TIM_IC_CaptureCallback
 .text.HAL_TIM_PWM_PulseFinishedCallback
                0x00000000080015dc       0x12 ./Drivers/STM32F1xx_HAL_Driver/Src/stm32f1xx_hal_tim.o
                0x00000000080015dc                HAL_TIM_PWM_PulseFinishedCallback
 .text.HAL_TIM_TriggerCallback
                0x00000000080015ee       0x12 ./Drivers/STM32F1xx_HAL_Driver/Src/stm32f1xx_hal_tim.o
                0x00000000080015ee                HAL_TIM_TriggerCallback
 .text.TIM_Base_SetConfig
                0x0000000008001600       0xc4 ./Drivers/STM32F1xx_HAL_Driver/Src/stm32f1xx_hal_tim.o
                0x0000000008001600                TIM_Base_SetConfig
 .text.HAL_TIMEx_CommutCallback
                0x00000000080016c4       0x12 ./Drivers/STM32F1xx_HAL_Driver/Src/stm32f1xx_hal_tim_ex.o
                0x00000000080016c4                HAL_TIMEx_CommutCallback
 .text.HAL_TIMEx_BreakCallback
                0x00000000080016d6       0x12 ./Drivers/STM32F1xx_HAL_Driver/Src/stm32f1xx_hal_tim_ex.o
                0x00000000080016d6                HAL_TIMEx_BreakCallback
 .text.__libc_init_array
                0x00000000080016e8       0x48 /opt/st/stm32cubeide_1.8.0/plugins/com.st.stm32cube.ide.mcu.externaltools.gnu-tools-for-stm32.9-2020-q2-update.linux64_2.0.0.202105311346/tools/bin/../lib/gcc/arm-none-eabi/9.3.1/../../../../arm-none-eabi/lib/thumb/v7-m/nofp/libc_nano.a(lib_a-init.o)
                0x00000000080016e8                __libc_init_array
 .text.memset   0x0000000008001730       0x10 /opt/st/stm32cubeide_1.8.0/plugins/com.st.stm32cube.ide.mcu.externaltools.gnu-tools-for-stm32.9-2020-q2-update.linux64_2.0.0.202105311346/tools/bin/../lib/gcc/arm-none-eabi/9.3.1/../../../../arm-none-eabi/lib/thumb/v7-m/nofp/libc_nano.a(lib_a-memset.o)
                0x0000000008001730                memset
 *(.glue_7)
 .glue_7        0x0000000008001740        0x0 linker stubs
 *(.glue_7t)
 .glue_7t       0x0000000008001740        0x0 linker stubs
 *(.eh_frame)
 .eh_frame      0x0000000008001740        0x0 /opt/st/stm32cubeide_1.8.0/plugins/com.st.stm32cube.ide.mcu.externaltools.gnu-tools-for-stm32.9-2020-q2-update.linux64_2.0.0.202105311346/tools/bin/../lib/gcc/arm-none-eabi/9.3.1/thumb/v7-m/nofp/crtbegin.o
 *(.init)
 .init          0x0000000008001740        0x4 /opt/st/stm32cubeide_1.8.0/plugins/com.st.stm32cube.ide.mcu.externaltools.gnu-tools-for-stm32.9-2020-q2-update.linux64_2.0.0.202105311346/tools/bin/../lib/gcc/arm-none-eabi/9.3.1/thumb/v7-m/nofp/crti.o
                0x0000000008001740                _init
 .init          0x0000000008001744        0x8 /opt/st/stm32cubeide_1.8.0/plugins/com.st.stm32cube.ide.mcu.externaltools.gnu-tools-for-stm32.9-2020-q2-update.linux64_2.0.0.202105311346/tools/bin/../lib/gcc/arm-none-eabi/9.3.1/thumb/v7-m/nofp/crtn.o
 *(.fini)
 .fini          0x000000000800174c        0x4 /opt/st/stm32cubeide_1.8.0/plugins/com.st.stm32cube.ide.mcu.externaltools.gnu-tools-for-stm32.9-2020-q2-update.linux64_2.0.0.202105311346/tools/bin/../lib/gcc/arm-none-eabi/9.3.1/thumb/v7-m/nofp/crti.o
                0x000000000800174c                _fini
 .fini          0x0000000008001750        0x8 /opt/st/stm32cubeide_1.8.0/plugins/com.st.stm32cube.ide.mcu.externaltools.gnu-tools-for-stm32.9-2020-q2-update.linux64_2.0.0.202105311346/tools/bin/../lib/gcc/arm-none-eabi/9.3.1/thumb/v7-m/nofp/crtn.o
                0x0000000008001758                . = ALIGN (0x4)
                0x0000000008001758                _etext = .

.vfp11_veneer   0x0000000008001758        0x0
 .vfp11_veneer  0x0000000008001758        0x0 linker stubs

.v4_bx          0x0000000008001758        0x0
 .v4_bx         0x0000000008001758        0x0 linker stubs

.iplt           0x0000000008001758        0x0
 .iplt          0x0000000008001758        0x0 /opt/st/stm32cubeide_1.8.0/plugins/com.st.stm32cube.ide.mcu.externaltools.gnu-tools-for-stm32.9-2020-q2-update.linux64_2.0.0.202105311346/tools/bin/../lib/gcc/arm-none-eabi/9.3.1/thumb/v7-m/nofp/crtbegin.o

.rodata         0x0000000008001758       0x28
                0x0000000008001758                . = ALIGN (0x4)
 *(.rodata)
 .rodata        0x0000000008001758       0x10 ./Drivers/STM32F1xx_HAL_Driver/Src/stm32f1xx_hal_rcc.o
 *(.rodata*)
 .rodata.AHBPrescTable
                0x0000000008001768       0x10 ./Core/Src/system_stm32f1xx.o
                0x0000000008001768                AHBPrescTable
 .rodata.APBPrescTable
                0x0000000008001778        0x8 ./Core/Src/system_stm32f1xx.o
                0x0000000008001778                APBPrescTable
                0x0000000008001780                . = ALIGN (0x4)

.rel.dyn        0x0000000008001780        0x0
 .rel.iplt      0x0000000008001780        0x0 /opt/st/stm32cubeide_1.8.0/plugins/com.st.stm32cube.ide.mcu.externaltools.gnu-tools-for-stm32.9-2020-q2-update.linux64_2.0.0.202105311346/tools/bin/../lib/gcc/arm-none-eabi/9.3.1/thumb/v7-m/nofp/crtbegin.o

.ARM.extab      0x0000000008001780        0x0
                0x0000000008001780                . = ALIGN (0x4)
 *(.ARM.extab* .gnu.linkonce.armextab.*)
                0x0000000008001780                . = ALIGN (0x4)

.ARM            0x0000000008001780        0x0
                0x0000000008001780                . = ALIGN (0x4)
                0x0000000008001780                __exidx_start = .
 *(.ARM.exidx*)
                0x0000000008001780                __exidx_end = .
                0x0000000008001780                . = ALIGN (0x4)

.preinit_array  0x0000000008001780        0x0
                0x0000000008001780                . = ALIGN (0x4)
                0x0000000008001780                PROVIDE (__preinit_array_start = .)
 *(.preinit_array*)
                0x0000000008001780                PROVIDE (__preinit_array_end = .)
                0x0000000008001780                . = ALIGN (0x4)

.init_array     0x0000000008001780        0x4
                0x0000000008001780                . = ALIGN (0x4)
                0x0000000008001780                PROVIDE (__init_array_start = .)
 *(SORT_BY_NAME(.init_array.*))
 *(.init_array*)
 .init_array    0x0000000008001780        0x4 /opt/st/stm32cubeide_1.8.0/plugins/com.st.stm32cube.ide.mcu.externaltools.gnu-tools-for-stm32.9-2020-q2-update.linux64_2.0.0.202105311346/tools/bin/../lib/gcc/arm-none-eabi/9.3.1/thumb/v7-m/nofp/crtbegin.o
                0x0000000008001784                PROVIDE (__init_array_end = .)
                0x0000000008001784                . = ALIGN (0x4)

.fini_array     0x0000000008001784        0x4
                0x0000000008001784                . = ALIGN (0x4)
                [!provide]                        PROVIDE (__fini_array_start = .)
 *(SORT_BY_NAME(.fini_array.*))
 *(.fini_array*)
 .fini_array    0x0000000008001784        0x4 /opt/st/stm32cubeide_1.8.0/plugins/com.st.stm32cube.ide.mcu.externaltools.gnu-tools-for-stm32.9-2020-q2-update.linux64_2.0.0.202105311346/tools/bin/../lib/gcc/arm-none-eabi/9.3.1/thumb/v7-m/nofp/crtbegin.o
                [!provide]                        PROVIDE (__fini_array_end = .)
                0x0000000008001788                . = ALIGN (0x4)
                0x0000000008001788                _sidata = LOADADDR (.data)

.data           0x0000000020000000        0xc load address 0x0000000008001788
                0x0000000020000000                . = ALIGN (0x4)
                0x0000000020000000                _sdata = .
 *(.data)
 *(.data*)
 .data.SystemCoreClock
                0x0000000020000000        0x4 ./Core/Src/system_stm32f1xx.o
                0x0000000020000000                SystemCoreClock
 .data.uwTickPrio
                0x0000000020000004        0x4 ./Drivers/STM32F1xx_HAL_Driver/Src/stm32f1xx_hal.o
                0x0000000020000004                uwTickPrio
 .data.uwTickFreq
                0x0000000020000008        0x1 ./Drivers/STM32F1xx_HAL_Driver/Src/stm32f1xx_hal.o
                0x0000000020000008                uwTickFreq
 *(.RamFunc)
 *(.RamFunc*)
                0x000000002000000c                . = ALIGN (0x4)
 *fill*         0x0000000020000009        0x3 
                0x000000002000000c                _edata = .

.igot.plt       0x000000002000000c        0x0 load address 0x0000000008001794
 .igot.plt      0x000000002000000c        0x0 /opt/st/stm32cubeide_1.8.0/plugins/com.st.stm32cube.ide.mcu.externaltools.gnu-tools-for-stm32.9-2020-q2-update.linux64_2.0.0.202105311346/tools/bin/../lib/gcc/arm-none-eabi/9.3.1/thumb/v7-m/nofp/crtbegin.o
                0x000000002000000c                . = ALIGN (0x4)

.bss            0x000000002000000c       0x68 load address 0x0000000008001794
                0x000000002000000c                _sbss = .
                0x000000002000000c                __bss_start__ = _sbss
 *(.bss)
 .bss           0x000000002000000c       0x1c /opt/st/stm32cubeide_1.8.0/plugins/com.st.stm32cube.ide.mcu.externaltools.gnu-tools-for-stm32.9-2020-q2-update.linux64_2.0.0.202105311346/tools/bin/../lib/gcc/arm-none-eabi/9.3.1/thumb/v7-m/nofp/crtbegin.o
 *(.bss*)
 *(COMMON)
 COMMON         0x0000000020000028       0x48 ./Core/Src/stm32f1xx_hal_timebase_tim.o
                0x0000000020000028                htim4
 COMMON         0x0000000020000070        0x4 ./Drivers/STM32F1xx_HAL_Driver/Src/stm32f1xx_hal.o
                0x0000000020000070                uwTick
                0x0000000020000074                . = ALIGN (0x4)
                0x0000000020000074                _ebss = .
                0x0000000020000074                __bss_end__ = _ebss

._user_heap_stack
                0x0000000020000074      0x604 load address 0x0000000008001794
                0x0000000020000078                . = ALIGN (0x8)
 *fill*         0x0000000020000074        0x4 
                [!provide]                        PROVIDE (end = .)
                [!provide]                        PROVIDE (_end = .)
                0x0000000020000278                . = (. + _Min_Heap_Size)
 *fill*         0x0000000020000078      0x200 
                0x0000000020000678                . = (. + _Min_Stack_Size)
 *fill*         0x0000000020000278      0x400 
                0x0000000020000678                . = ALIGN (0x8)

/DISCARD/
 libc.a(*)
 libm.a(*)
 libgcc.a(*)

.ARM.attributes
                0x0000000000000000       0x29
 *(.ARM.attributes)
 .ARM.attributes
                0x0000000000000000       0x1d /opt/st/stm32cubeide_1.8.0/plugins/com.st.stm32cube.ide.mcu.externaltools.gnu-tools-for-stm32.9-2020-q2-update.linux64_2.0.0.202105311346/tools/bin/../lib/gcc/arm-none-eabi/9.3.1/thumb/v7-m/nofp/crti.o
 .ARM.attributes
                0x000000000000001d       0x2d /opt/st/stm32cubeide_1.8.0/plugins/com.st.stm32cube.ide.mcu.externaltools.gnu-tools-for-stm32.9-2020-q2-update.linux64_2.0.0.202105311346/tools/bin/../lib/gcc/arm-none-eabi/9.3.1/thumb/v7-m/nofp/crtbegin.o
 .ARM.attributes
                0x000000000000004a       0x2d ./Core/Src/main.o
 .ARM.attributes
                0x0000000000000077       0x2d ./Core/Src/stm32f1xx_hal_msp.o
 .ARM.attributes
                0x00000000000000a4       0x2d ./Core/Src/stm32f1xx_hal_timebase_tim.o
 .ARM.attributes
                0x00000000000000d1       0x2d ./Core/Src/stm32f1xx_it.o
 .ARM.attributes
                0x00000000000000fe       0x2d ./Core/Src/system_stm32f1xx.o
 .ARM.attributes
                0x000000000000012b       0x21 ./Core/Startup/startup_stm32f103c8tx.o
 .ARM.attributes
                0x000000000000014c       0x2d ./Drivers/STM32F1xx_HAL_Driver/Src/stm32f1xx_hal.o
 .ARM.attributes
                0x0000000000000179       0x2d ./Drivers/STM32F1xx_HAL_Driver/Src/stm32f1xx_hal_cortex.o
 .ARM.attributes
                0x00000000000001a6       0x2d ./Drivers/STM32F1xx_HAL_Driver/Src/stm32f1xx_hal_gpio.o
 .ARM.attributes
                0x00000000000001d3       0x2d ./Drivers/STM32F1xx_HAL_Driver/Src/stm32f1xx_hal_rcc.o
 .ARM.attributes
                0x0000000000000200       0x2d ./Drivers/STM32F1xx_HAL_Driver/Src/stm32f1xx_hal_tim.o
 .ARM.attributes
                0x000000000000022d       0x2d ./Drivers/STM32F1xx_HAL_Driver/Src/stm32f1xx_hal_tim_ex.o
 .ARM.attributes
                0x000000000000025a       0x2d /opt/st/stm32cubeide_1.8.0/plugins/com.st.stm32cube.ide.mcu.externaltools.gnu-tools-for-stm32.9-2020-q2-update.linux64_2.0.0.202105311346/tools/bin/../lib/gcc/arm-none-eabi/9.3.1/../../../../arm-none-eabi/lib/thumb/v7-m/nofp/libc_nano.a(lib_a-init.o)
 .ARM.attributes
                0x0000000000000287       0x2d /opt/st/stm32cubeide_1.8.0/plugins/com.st.stm32cube.ide.mcu.externaltools.gnu-tools-for-stm32.9-2020-q2-update.linux64_2.0.0.202105311346/tools/bin/../lib/gcc/arm-none-eabi/9.3.1/../../../../arm-none-eabi/lib/thumb/v7-m/nofp/libc_nano.a(lib_a-memset.o)
 .ARM.attributes
                0x00000000000002b4       0x1d /opt/st/stm32cubeide_1.8.0/plugins/com.st.stm32cube.ide.mcu.externaltools.gnu-tools-for-stm32.9-2020-q2-update.linux64_2.0.0.202105311346/tools/bin/../lib/gcc/arm-none-eabi/9.3.1/thumb/v7-m/nofp/crtn.o
OUTPUT(helloWorld.elf elf32-littlearm)
LOAD linker stubs
LOAD /opt/st/stm32cubeide_1.8.0/plugins/com.st.stm32cube.ide.mcu.externaltools.gnu-tools-for-stm32.9-2020-q2-update.linux64_2.0.0.202105311346/tools/bin/../lib/gcc/arm-none-eabi/9.3.1/../../../../arm-none-eabi/lib/thumb/v7-m/nofp/libc.a
LOAD /opt/st/stm32cubeide_1.8.0/plugins/com.st.stm32cube.ide.mcu.externaltools.gnu-tools-for-stm32.9-2020-q2-update.linux64_2.0.0.202105311346/tools/bin/../lib/gcc/arm-none-eabi/9.3.1/../../../../arm-none-eabi/lib/thumb/v7-m/nofp/libm.a
LOAD /opt/st/stm32cubeide_1.8.0/plugins/com.st.stm32cube.ide.mcu.externaltools.gnu-tools-for-stm32.9-2020-q2-update.linux64_2.0.0.202105311346/tools/bin/../lib/gcc/arm-none-eabi/9.3.1/thumb/v7-m/nofp/libgcc.a

.debug_info     0x0000000000000000     0x8412
 .debug_info    0x0000000000000000      0xab0 ./Core/Src/main.o
 .debug_info    0x0000000000000ab0      0x2fc ./Core/Src/stm32f1xx_hal_msp.o
 .debug_info    0x0000000000000dac      0xa19 ./Core/Src/stm32f1xx_hal_timebase_tim.o
 .debug_info    0x00000000000017c5      0x77e ./Core/Src/stm32f1xx_it.o
 .debug_info    0x0000000000001f43      0x2be ./Core/Src/system_stm32f1xx.o
 .debug_info    0x0000000000002201       0x22 ./Core/Startup/startup_stm32f103c8tx.o
 .debug_info    0x0000000000002223      0x76a ./Drivers/STM32F1xx_HAL_Driver/Src/stm32f1xx_hal.o
 .debug_info    0x000000000000298d      0xbdc ./Drivers/STM32F1xx_HAL_Driver/Src/stm32f1xx_hal_cortex.o
 .debug_info    0x0000000000003569      0x701 ./Drivers/STM32F1xx_HAL_Driver/Src/stm32f1xx_hal_gpio.o
 .debug_info    0x0000000000003c6a      0x88e ./Drivers/STM32F1xx_HAL_Driver/Src/stm32f1xx_hal_rcc.o
 .debug_info    0x00000000000044f8     0x2a45 ./Drivers/STM32F1xx_HAL_Driver/Src/stm32f1xx_hal_tim.o
 .debug_info    0x0000000000006f3d     0x14d5 ./Drivers/STM32F1xx_HAL_Driver/Src/stm32f1xx_hal_tim_ex.o

.debug_abbrev   0x0000000000000000     0x15df
 .debug_abbrev  0x0000000000000000      0x20e ./Core/Src/main.o
 .debug_abbrev  0x000000000000020e      0x11d ./Core/Src/stm32f1xx_hal_msp.o
 .debug_abbrev  0x000000000000032b      0x1bf ./Core/Src/stm32f1xx_hal_timebase_tim.o
 .debug_abbrev  0x00000000000004ea      0x176 ./Core/Src/stm32f1xx_it.o
 .debug_abbrev  0x0000000000000660      0x14e ./Core/Src/system_stm32f1xx.o
 .debug_abbrev  0x00000000000007ae       0x12 ./Core/Startup/startup_stm32f103c8tx.o
 .debug_abbrev  0x00000000000007c0      0x1ed ./Drivers/STM32F1xx_HAL_Driver/Src/stm32f1xx_hal.o
 .debug_abbrev  0x00000000000009ad      0x313 ./Drivers/STM32F1xx_HAL_Driver/Src/stm32f1xx_hal_cortex.o
 .debug_abbrev  0x0000000000000cc0      0x1e8 ./Drivers/STM32F1xx_HAL_Driver/Src/stm32f1xx_hal_gpio.o
 .debug_abbrev  0x0000000000000ea8      0x273 ./Drivers/STM32F1xx_HAL_Driver/Src/stm32f1xx_hal_rcc.o
 .debug_abbrev  0x000000000000111b      0x25e ./Drivers/STM32F1xx_HAL_Driver/Src/stm32f1xx_hal_tim.o
 .debug_abbrev  0x0000000000001379      0x266 ./Drivers/STM32F1xx_HAL_Driver/Src/stm32f1xx_hal_tim_ex.o

.debug_aranges  0x0000000000000000      0x930
 .debug_aranges
                0x0000000000000000       0x40 ./Core/Src/main.o
 .debug_aranges
                0x0000000000000040       0x20 ./Core/Src/stm32f1xx_hal_msp.o
 .debug_aranges
                0x0000000000000060       0x30 ./Core/Src/stm32f1xx_hal_timebase_tim.o
 .debug_aranges
                0x0000000000000090       0x50 ./Core/Src/stm32f1xx_it.o
 .debug_aranges
                0x00000000000000e0       0x28 ./Core/Src/system_stm32f1xx.o
 .debug_aranges
                0x0000000000000108       0x28 ./Core/Startup/startup_stm32f103c8tx.o
 .debug_aranges
                0x0000000000000130       0xe0 ./Drivers/STM32F1xx_HAL_Driver/Src/stm32f1xx_hal.o
 .debug_aranges
                0x0000000000000210      0x100 ./Drivers/STM32F1xx_HAL_Driver/Src/stm32f1xx_hal_cortex.o
 .debug_aranges
                0x0000000000000310       0x58 ./Drivers/STM32F1xx_HAL_Driver/Src/stm32f1xx_hal_gpio.o
 .debug_aranges
                0x0000000000000368       0x90 ./Drivers/STM32F1xx_HAL_Driver/Src/stm32f1xx_hal_rcc.o
 .debug_aranges
                0x00000000000003f8      0x3d0 ./Drivers/STM32F1xx_HAL_Driver/Src/stm32f1xx_hal_tim.o
 .debug_aranges
                0x00000000000007c8      0x168 ./Drivers/STM32F1xx_HAL_Driver/Src/stm32f1xx_hal_tim_ex.o

.debug_ranges   0x0000000000000000      0x878
 .debug_ranges  0x0000000000000000       0x30 ./Core/Src/main.o
 .debug_ranges  0x0000000000000030       0x10 ./Core/Src/stm32f1xx_hal_msp.o
 .debug_ranges  0x0000000000000040       0x20 ./Core/Src/stm32f1xx_hal_timebase_tim.o
 .debug_ranges  0x0000000000000060       0x40 ./Core/Src/stm32f1xx_it.o
 .debug_ranges  0x00000000000000a0       0x18 ./Core/Src/system_stm32f1xx.o
 .debug_ranges  0x00000000000000b8       0x20 ./Core/Startup/startup_stm32f103c8tx.o
 .debug_ranges  0x00000000000000d8       0xd0 ./Drivers/STM32F1xx_HAL_Driver/Src/stm32f1xx_hal.o
 .debug_ranges  0x00000000000001a8       0xf0 ./Drivers/STM32F1xx_HAL_Driver/Src/stm32f1xx_hal_cortex.o
 .debug_ranges  0x0000000000000298       0x48 ./Drivers/STM32F1xx_HAL_Driver/Src/stm32f1xx_hal_gpio.o
 .debug_ranges  0x00000000000002e0       0x80 ./Drivers/STM32F1xx_HAL_Driver/Src/stm32f1xx_hal_rcc.o
 .debug_ranges  0x0000000000000360      0x3c0 ./Drivers/STM32F1xx_HAL_Driver/Src/stm32f1xx_hal_tim.o
 .debug_ranges  0x0000000000000720      0x158 ./Drivers/STM32F1xx_HAL_Driver/Src/stm32f1xx_hal_tim_ex.o

.debug_macro    0x0000000000000000    0x16728
 .debug_macro   0x0000000000000000      0x1a3 ./Core/Src/main.o
 .debug_macro   0x00000000000001a3      0xa9c ./Core/Src/main.o
 .debug_macro   0x0000000000000c3f      0x215 ./Core/Src/main.o
 .debug_macro   0x0000000000000e54       0x2e ./Core/Src/main.o
 .debug_macro   0x0000000000000e82       0x22 ./Core/Src/main.o
 .debug_macro   0x0000000000000ea4       0x22 ./Core/Src/main.o
 .debug_macro   0x0000000000000ec6       0x8e ./Core/Src/main.o
 .debug_macro   0x0000000000000f54       0x51 ./Core/Src/main.o
 .debug_macro   0x0000000000000fa5      0x103 ./Core/Src/main.o
 .debug_macro   0x00000000000010a8       0x6a ./Core/Src/main.o
 .debug_macro   0x0000000000001112      0x1df ./Core/Src/main.o
 .debug_macro   0x00000000000012f1       0x1c ./Core/Src/main.o
 .debug_macro   0x000000000000130d       0x22 ./Core/Src/main.o
 .debug_macro   0x000000000000132f       0xc3 ./Core/Src/main.o
 .debug_macro   0x00000000000013f2      0xd23 ./Core/Src/main.o
 .debug_macro   0x0000000000002115     0xe09e ./Core/Src/main.o
 .debug_macro   0x00000000000101b3       0x6d ./Core/Src/main.o
 .debug_macro   0x0000000000010220     0x3468 ./Core/Src/main.o
 .debug_macro   0x0000000000013688      0x174 ./Core/Src/main.o
 .debug_macro   0x00000000000137fc       0x5c ./Core/Src/main.o
 .debug_macro   0x0000000000013858      0x5be ./Core/Src/main.o
 .debug_macro   0x0000000000013e16      0x289 ./Core/Src/main.o
 .debug_macro   0x000000000001409f      0x1cb ./Core/Src/main.o
 .debug_macro   0x000000000001426a      0x114 ./Core/Src/main.o
 .debug_macro   0x000000000001437e      0x1b2 ./Core/Src/main.o
 .debug_macro   0x0000000000014530       0x27 ./Core/Src/main.o
 .debug_macro   0x0000000000014557      0x136 ./Core/Src/main.o
 .debug_macro   0x000000000001468d      0x1bc ./Core/Src/main.o
 .debug_macro   0x0000000000014849       0x34 ./Core/Src/main.o
 .debug_macro   0x000000000001487d       0x3c ./Core/Src/main.o
 .debug_macro   0x00000000000148b9       0x57 ./Core/Src/main.o
 .debug_macro   0x0000000000014910       0x88 ./Core/Src/main.o
 .debug_macro   0x0000000000014998      0x241 ./Core/Src/main.o
 .debug_macro   0x0000000000014bd9      0x141 ./Core/Src/main.o
 .debug_macro   0x0000000000014d1a      0x8d1 ./Core/Src/main.o
 .debug_macro   0x00000000000155eb       0x83 ./Core/Src/main.o
 .debug_macro   0x000000000001566e      0x1a3 ./Core/Src/stm32f1xx_hal_msp.o
 .debug_macro   0x0000000000015811      0x199 ./Core/Src/stm32f1xx_hal_timebase_tim.o
 .debug_macro   0x00000000000159aa      0x1ad ./Core/Src/stm32f1xx_it.o
 .debug_macro   0x0000000000015b57      0x199 ./Core/Src/system_stm32f1xx.o
 .debug_macro   0x0000000000015cf0      0x1bd ./Drivers/STM32F1xx_HAL_Driver/Src/stm32f1xx_hal.o
 .debug_macro   0x0000000000015ead      0x199 ./Drivers/STM32F1xx_HAL_Driver/Src/stm32f1xx_hal_cortex.o
 .debug_macro   0x0000000000016046      0x204 ./Drivers/STM32F1xx_HAL_Driver/Src/stm32f1xx_hal_gpio.o
 .debug_macro   0x000000000001624a      0x1ab ./Drivers/STM32F1xx_HAL_Driver/Src/stm32f1xx_hal_rcc.o
 .debug_macro   0x00000000000163f5      0x19a ./Drivers/STM32F1xx_HAL_Driver/Src/stm32f1xx_hal_tim.o
 .debug_macro   0x000000000001658f      0x199 ./Drivers/STM32F1xx_HAL_Driver/Src/stm32f1xx_hal_tim_ex.o

.debug_line     0x0000000000000000     0x96e7
 .debug_line    0x0000000000000000      0x700 ./Core/Src/main.o
 .debug_line    0x0000000000000700      0x641 ./Core/Src/stm32f1xx_hal_msp.o
 .debug_line    0x0000000000000d41      0x69d ./Core/Src/stm32f1xx_hal_timebase_tim.o
 .debug_line    0x00000000000013de      0x6dd ./Core/Src/stm32f1xx_it.o
 .debug_line    0x0000000000001abb      0x6bf ./Core/Src/system_stm32f1xx.o
 .debug_line    0x000000000000217a       0x87 ./Core/Startup/startup_stm32f103c8tx.o
 .debug_line    0x0000000000002201      0x8ec ./Drivers/STM32F1xx_HAL_Driver/Src/stm32f1xx_hal.o
 .debug_line    0x0000000000002aed      0xad4 ./Drivers/STM32F1xx_HAL_Driver/Src/stm32f1xx_hal_cortex.o
 .debug_line    0x00000000000035c1      0x983 ./Drivers/STM32F1xx_HAL_Driver/Src/stm32f1xx_hal_gpio.o
 .debug_line    0x0000000000003f44      0xcfa ./Drivers/STM32F1xx_HAL_Driver/Src/stm32f1xx_hal_rcc.o
 .debug_line    0x0000000000004c3e     0x3295 ./Drivers/STM32F1xx_HAL_Driver/Src/stm32f1xx_hal_tim.o
 .debug_line    0x0000000000007ed3     0x1814 ./Drivers/STM32F1xx_HAL_Driver/Src/stm32f1xx_hal_tim_ex.o

.debug_str      0x0000000000000000    0x83e81
 .debug_str     0x0000000000000000    0x81b48 ./Core/Src/main.o
                                      0x81f23 (size before relaxing)
 .debug_str     0x0000000000081b48       0x5a ./Core/Src/stm32f1xx_hal_msp.o
                                      0x818a9 (size before relaxing)
 .debug_str     0x0000000000081ba2      0x30e ./Core/Src/stm32f1xx_hal_timebase_tim.o
                                      0x820f4 (size before relaxing)
 .debug_str     0x0000000000081eb0       0xa2 ./Core/Src/stm32f1xx_it.o
                                      0x81d65 (size before relaxing)
 .debug_str     0x0000000000081f52       0x52 ./Core/Src/system_stm32f1xx.o
                                      0x81896 (size before relaxing)
 .debug_str     0x0000000000081fa4       0x36 ./Core/Startup/startup_stm32f103c8tx.o
                                         0x76 (size before relaxing)
 .debug_str     0x0000000000081fda      0x2b9 ./Drivers/STM32F1xx_HAL_Driver/Src/stm32f1xx_hal.o
                                      0x81f27 (size before relaxing)
 .debug_str     0x0000000000082293      0x300 ./Drivers/STM32F1xx_HAL_Driver/Src/stm32f1xx_hal_cortex.o
                                      0x81f2f (size before relaxing)
 .debug_str     0x0000000000082593      0x324 ./Drivers/STM32F1xx_HAL_Driver/Src/stm32f1xx_hal_gpio.o
                                      0x81c5a (size before relaxing)
 .debug_str     0x00000000000828b7      0x245 ./Drivers/STM32F1xx_HAL_Driver/Src/stm32f1xx_hal_rcc.o
                                      0x81c93 (size before relaxing)
 .debug_str     0x0000000000082afc      0xe4d ./Drivers/STM32F1xx_HAL_Driver/Src/stm32f1xx_hal_tim.o
                                      0x82c65 (size before relaxing)
 .debug_str     0x0000000000083949      0x538 ./Drivers/STM32F1xx_HAL_Driver/Src/stm32f1xx_hal_tim_ex.o
                                      0x82416 (size before relaxing)

.comment        0x0000000000000000       0x53
 .comment       0x0000000000000000       0x53 ./Core/Src/main.o
                                         0x54 (size before relaxing)
 .comment       0x0000000000000053       0x54 ./Core/Src/stm32f1xx_hal_msp.o
 .comment       0x0000000000000053       0x54 ./Core/Src/stm32f1xx_hal_timebase_tim.o
 .comment       0x0000000000000053       0x54 ./Core/Src/stm32f1xx_it.o
 .comment       0x0000000000000053       0x54 ./Core/Src/system_stm32f1xx.o
 .comment       0x0000000000000053       0x54 ./Drivers/STM32F1xx_HAL_Driver/Src/stm32f1xx_hal.o
 .comment       0x0000000000000053       0x54 ./Drivers/STM32F1xx_HAL_Driver/Src/stm32f1xx_hal_cortex.o
 .comment       0x0000000000000053       0x54 ./Drivers/STM32F1xx_HAL_Driver/Src/stm32f1xx_hal_gpio.o
 .comment       0x0000000000000053       0x54 ./Drivers/STM32F1xx_HAL_Driver/Src/stm32f1xx_hal_rcc.o
 .comment       0x0000000000000053       0x54 ./Drivers/STM32F1xx_HAL_Driver/Src/stm32f1xx_hal_tim.o
 .comment       0x0000000000000053       0x54 ./Drivers/STM32F1xx_HAL_Driver/Src/stm32f1xx_hal_tim_ex.o

.debug_frame    0x0000000000000000     0x2578
 .debug_frame   0x0000000000000000       0xb0 ./Core/Src/main.o
 .debug_frame   0x00000000000000b0       0x38 ./Core/Src/stm32f1xx_hal_msp.o
 .debug_frame   0x00000000000000e8       0x74 ./Core/Src/stm32f1xx_hal_timebase_tim.o
 .debug_frame   0x000000000000015c       0xc4 ./Core/Src/stm32f1xx_it.o
 .debug_frame   0x0000000000000220       0x58 ./Core/Src/system_stm32f1xx.o
 .debug_frame   0x0000000000000278      0x334 ./Drivers/STM32F1xx_HAL_Driver/Src/stm32f1xx_hal.o
 .debug_frame   0x00000000000005ac      0x428 ./Drivers/STM32F1xx_HAL_Driver/Src/stm32f1xx_hal_cortex.o
 .debug_frame   0x00000000000009d4      0x14c ./Drivers/STM32F1xx_HAL_Driver/Src/stm32f1xx_hal_gpio.o
 .debug_frame   0x0000000000000b20      0x21c ./Drivers/STM32F1xx_HAL_Driver/Src/stm32f1xx_hal_rcc.o
 .debug_frame   0x0000000000000d3c     0x11b8 ./Drivers/STM32F1xx_HAL_Driver/Src/stm32f1xx_hal_tim.o
 .debug_frame   0x0000000000001ef4      0x638 ./Drivers/STM32F1xx_HAL_Driver/Src/stm32f1xx_hal_tim_ex.o
 .debug_frame   0x000000000000252c       0x2c /opt/st/stm32cubeide_1.8.0/plugins/com.st.stm32cube.ide.mcu.externaltools.gnu-tools-for-stm32.9-2020-q2-update.linux64_2.0.0.202105311346/tools/bin/../lib/gcc/arm-none-eabi/9.3.1/../../../../arm-none-eabi/lib/thumb/v7-m/nofp/libc_nano.a(lib_a-init.o)
 .debug_frame   0x0000000000002558       0x20 /opt/st/stm32cubeide_1.8.0/plugins/com.st.stm32cube.ide.mcu.externaltools.gnu-tools-for-stm32.9-2020-q2-update.linux64_2.0.0.202105311346/tools/bin/../lib/gcc/arm-none-eabi/9.3.1/../../../../arm-none-eabi/lib/thumb/v7-m/nofp/libc_nano.a(lib_a-memset.o)
